exports[`Snapshots: free mascot wrapper 1`] = `"<div class=\"mascot-wrapper mascot-wrapper_dro\"><div class=\"mascot \"><div class=\"mascot__face mascot__face_dro\"></div></div></div>"`;

exports[`Snapshots: free mascot wrapper with closeMascot 1`] = `"<div class=\"mascot-wrapper mascot-wrapper_dro\"><div class=\"mascot mascot_hide\"><div class=\"mascot__face mascot__face_dro\"></div></div></div>"`;

exports[`Snapshots: free mascot wrapper with timer 1`] = `"<div class=\"mascot-wrapper mascot-wrapper_dro\"><div class=\"mascot mascot_hide\"><div class=\"mascot__face mascot__face_dro\"></div></div></div>"`;
