exports[`SocialProofs: Notice with icon & text params 1`] = `"<div class=\"notice-wrapper \" style=\"width: 340px;\"><div class=\"notice notice_type-default notice_has-icon notice_icon notice_icon_head   notice_show \" data-id=\"qwerty1\" style=\"margin-top: 0px;\"><span class=\"notice-text t3\">Notice with icon &amp; text params</span><div class=\"notice__closeBlock\"><div class=\"notice__closeBlock__closeArea\"></div></div></div></div>"`;

exports[`SocialProofs: Only text params & className 1`] = `"<div class=\"notice-wrapper \" style=\"width: 340px;\"><div class=\"notice notice_type-default   test notice_show \" data-id=\"qwerty2\" style=\"margin-top: 0px;\"><span class=\"notice-text t3\">Only text params &amp; className</span><div class=\"notice__closeBlock\"><div class=\"notice__closeBlock__closeArea\"></div></div></div></div>"`;

exports[`SocialProofs: Only text params & re-render component with array 1`] = `"<div class=\"notice-wrapper \" style=\"width: 340px;\"><div class=\"notice notice_type-default notice_show\" data-id=\"qwerty6\" style=\"margin-top: -20px;\"><span class=\"notice-text t3\">re-render component with array</span><div class=\"notice__closeBlock\"><div class=\"notice__closeBlock__closeArea\"></div></div></div><div class=\"notice notice_type-default    \" data-id=\"qwerty5\" style=\"margin-top: 20px;\"><span class=\"notice-text t3\">Only text params</span><div class=\"notice__closeBlock\"><div class=\"notice__closeBlock__closeArea\"></div></div></div></div>"`;

exports[`SocialProofs: Only text params & re-render component with object 1`] = `"<div class=\"notice-wrapper \" style=\"width: 340px;\"><div class=\"notice notice_type-default notice_show\" data-id=\"qwerty4\" style=\"margin-top: -20px;\"><span class=\"notice-text t3\">re-render component with object</span><div class=\"notice__closeBlock\"><div class=\"notice__closeBlock__closeArea\"></div></div></div><div class=\"notice notice_type-default    \" data-id=\"qwerty3\" style=\"margin-top: 20px;\"><span class=\"notice-text t3\">Only text params</span><div class=\"notice__closeBlock\"><div class=\"notice__closeBlock__closeArea\"></div></div></div></div>"`;

exports[`SocialProofs: Only text params 1`] = `"<div class=\"notice-wrapper \" style=\"width: 340px;\"><div class=\"notice notice_type-default    notice_show \" data-id=\"qwerty0\" style=\"margin-top: 0px;\"><span class=\"notice-text t3\">Only text params</span><div class=\"notice__closeBlock\"><div class=\"notice__closeBlock__closeArea\"></div></div></div></div>"`;

exports[`SocialProofs: Open notices & click the close of one 1`] = `"<div class=\"notice-wrapper \" style=\"width: 340px;\"><div class=\"notice notice_type-default    notice_transition\" data-id=\"qwerty8\" style=\"margin-top: 0px;\"><span class=\"notice-text t3\">Only text params</span><div class=\"notice__closeBlock\"><div class=\"notice__closeBlock__closeArea\"></div></div></div></div>"`;
